Activity logged at Mon Sep 14 16:14:15 UTC 2026
Activity logged at Tue Sep 15 14:43:09 UTC 2026
Activity logged at Wed Sep 16 14:42:37 UTC 2026
Activity logged at Thu Sep 17 14:46:26 UTC 2026
Activity logged at Fri Sep 18 14:13:17 UTC 2026
Activity logged at Sat Sep 19 13:47:07 UTC 2026
Activity logged at Sun Sep 20 14:00:56 UTC 2026
Activity logged at Mon Sep 21 16:20:02 UTC 2026
Activity logged at Tue Sep 22 14:29:39 UTC 2026
Activity logged at Wed Sep 23 14:47:40 UTC 2026
Activity logged at Thu Sep 24 14:43:38 UTC 2026
Activity logged at Fri Sep 25 15:04:02 UTC 2026
Activity logged at Sat Sep 26 14:14:11 UTC 2026
Activity logged at Sun Sep 27 15:02:06 UTC 2026
Activity logged at Mon Sep 28 18:00:27 UTC 2026
Activity logged at Tue Sep 29 16:23:35 UTC 2026
Activity logged at Wed Sep 30 16:18:58 UTC 2026
Activity logged at Thu Oct  1 16:55:59 UTC 2026
Activity logged at Fri Oct  2 16:09:17 UTC 2026
Activity logged at Sat Oct  3 14:36:15 UTC 2026
